// Jest Snapshot v1, https://goo.gl/fbAQLP

exports[`renders correctly 1`] = `
<div
  className="sc-bdVaJa ePNJYe"
>
  <em
    className="sc-bwzfXH iguHiQ"
  >
    Survey Details
  </em>
  <em
    className="sc-bwzfXH iguHiQ"
  >
    Response Rate
  </em>
</div>
`;
